Apr-17 19:14:45.761 [main] DEBUG nextflow.cli.Launcher - $> nextflow run ../nf-metagenomics-pipeline/metagenomics.nf --input data/raw_data_example/ -profile apptainer,slurm -resume
Apr-17 19:14:45.942 [main] DEBUG nextflow.cli.CmdRun - N E X T F L O W  ~  version 25.04.6
Apr-17 19:14:46.004 [main] DEBUG nextflow.plugin.PluginsFacade - Setting up plugin manager > mode=prod; embedded=false; plugins-dir=/home/47813243S/.nextflow/plugins; core-plugins: nf-amazon@2.15.0,nf-azure@1.16.0,nf-cloudcache@0.4.3,nf-codecommit@0.2.3,nf-console@1.2.1,nf-google@1.21.1,nf-k8s@1.0.0,nf-tower@1.11.4,nf-wave@1.12.1
Apr-17 19:14:46.075 [main] INFO  o.pf4j.DefaultPluginStatusProvider - Enabled plugins: []
Apr-17 19:14:46.077 [main] INFO  o.pf4j.DefaultPluginStatusProvider - Disabled plugins: []
Apr-17 19:14:46.083 [main] INFO  org.pf4j.DefaultPluginManager - PF4J version 3.12.0 in 'deployment' mode
Apr-17 19:14:46.124 [main] INFO  org.pf4j.AbstractPluginManager - No plugins
Apr-17 19:14:46.202 [main] DEBUG nextflow.config.ConfigBuilder - Found config local: /mnt/nas-0/hydra/ubs/shared/projects/microbiome/pipelines/shotgun_pipeline/nf-metagenomics-pipeline/nextflow.config
Apr-17 19:14:46.209 [main] DEBUG nextflow.config.ConfigBuilder - Parsing config file: /mnt/nas-0/hydra/ubs/shared/projects/microbiome/pipelines/shotgun_pipeline/nf-metagenomics-pipeline/nextflow.config
Apr-17 19:14:46.299 [main] DEBUG n.secret.LocalSecretsProvider - Secrets store: /home/47813243S/.nextflow/secrets/store.json
Apr-17 19:14:46.313 [main] DEBUG nextflow.secret.SecretsLoader - Discovered secrets providers: [nextflow.secret.LocalSecretsProvider@3028e50e] - activable => nextflow.secret.LocalSecretsProvider@3028e50e
Apr-17 19:14:46.356 [main] DEBUG nextflow.config.ConfigBuilder - Applying config profile: `apptainer,slurm`
Apr-17 19:14:47.798 [main] DEBUG nextflow.config.ConfigBuilder - Available config profiles: [standard, slurm, apptainer, singularity, docker]
Apr-17 19:14:47.892 [main] DEBUG nextflow.cli.CmdRun - Applied DSL=2 from script declaration
Apr-17 19:14:47.926 [main] DEBUG nextflow.cli.CmdRun - Launching `../nf-metagenomics-pipeline/metagenomics.nf` [determined_gutenberg] DSL2 - revision: 669bfaaeb0
Apr-17 19:14:47.930 [main] DEBUG nextflow.plugin.PluginsFacade - Plugins default=[]
Apr-17 19:14:47.930 [main] DEBUG nextflow.plugin.PluginsFacade - Plugins resolved requirement=[]
Apr-17 19:14:48.028 [main] DEBUG nextflow.Session - Session UUID: 52c19e61-df11-41f1-a1f8-4f5c2278b3a3
Apr-17 19:14:48.029 [main] DEBUG nextflow.Session - Run name: determined_gutenberg
Apr-17 19:14:48.031 [main] DEBUG nextflow.Session - Executor pool size: 2
Apr-17 19:14:48.046 [main] DEBUG nextflow.file.FilePorter - File porter settings maxRetries=3; maxTransfers=50; pollTimeout=null
Apr-17 19:14:48.055 [main] DEBUG nextflow.util.ThreadPoolBuilder - Creating thread pool 'FileTransfer' minSize=10; maxSize=10; workQueue=LinkedBlockingQueue[-1]; allowCoreThreadTimeout=false
Apr-17 19:14:48.097 [main] DEBUG nextflow.cli.CmdRun - 
  Version: 25.04.6 build 5954
  Created: 01-07-2025 11:27 UTC (13:27 CEST)
  System: Linux 4.18.0-553.56.1.el8_10.x86_64
  Runtime: Groovy 4.0.26 on OpenJDK 64-Bit Server VM 21.0.5+11-LTS
  Encoding: UTF-8 (UTF-8)
  Process: 1544253@compute-13.odap.ico.local [192.168.36.113]
  CPUs: 2 - Mem: 16 GB (249.9 MB) - Swap: 0 (0)
Apr-17 19:14:48.159 [main] DEBUG nextflow.Session - Work-dir: /mnt/nas-0/hydra/ubs/shared/projects/microbiome/pipelines/shotgun_pipeline/nf-metagenomics-pipeline/work [nfs]
Apr-17 19:14:48.229 [main] DEBUG nextflow.executor.ExecutorFactory - Extension executors providers=[]
Apr-17 19:14:48.245 [main] DEBUG nextflow.Session - Observer factory: DefaultObserverFactory
Apr-17 19:14:48.273 [main] DEBUG nextflow.Session - Observer factory (v2): LinObserverFactory
Apr-17 19:14:48.327 [main] DEBUG nextflow.cache.CacheFactory - Using Nextflow cache factory: nextflow.cache.DefaultCacheFactory
Apr-17 19:14:48.345 [main] DEBUG nextflow.util.CustomThreadPool - Creating default thread pool > poolSize: 3; maxThreads: 1000
Apr-17 19:14:48.482 [main] DEBUG nextflow.Session - Session start
Apr-17 19:14:49.384 [main] DEBUG nextflow.script.ScriptRunner - > Launching execution
Apr-17 19:14:50.711 [main] DEBUG nextflow.script.ScriptRunner - Parsed script files:
  Script_f7939ea02ad826c4: /mnt/nas-0/hydra/ubs/shared/projects/microbiome/pipelines/shotgun_pipeline/nf-metagenomics-pipeline/modules/sampleSheet_check.nf
  Script_19714916353858f3: /mnt/nas-0/hydra/ubs/shared/projects/microbiome/pipelines/shotgun_pipeline/nf-metagenomics-pipeline/modules/bbduck_adapter_trimming.nf
  Script_6b7e31ace6dd1814: /mnt/nas-0/hydra/ubs/shared/projects/microbiome/pipelines/shotgun_pipeline/nf-metagenomics-pipeline/modules/multiqc.nf
  Script_c76f7e99684344c4: /mnt/nas-0/hydra/ubs/shared/projects/microbiome/pipelines/shotgun_pipeline/nf-metagenomics-pipeline/modules/remove_human_bowtie2.nf
  Script_b2f7426f19df3961: /mnt/nas-0/hydra/ubs/shared/projects/microbiome/pipelines/shotgun_pipeline/nf-metagenomics-pipeline/modules/fastqc.nf
  Script_c094bd44384c94f1: /mnt/nas-0/hydra/ubs/shared/projects/microbiome/pipelines/shotgun_pipeline/nf-metagenomics-pipeline/modules/kraken2.nf
  Script_320c878f21f793f4: /mnt/nas-0/hydra/ubs/shared/projects/microbiome/pipelines/shotgun_pipeline/nf-metagenomics-pipeline/metagenomics.nf
  Script_19ccf323d612508d: /mnt/nas-0/hydra/ubs/shared/projects/microbiome/pipelines/shotgun_pipeline/nf-metagenomics-pipeline/modules/clumpify_duplicate_removal.nf
  Script_33759c178f8afb30: /mnt/nas-0/hydra/ubs/shared/projects/microbiome/pipelines/shotgun_pipeline/nf-metagenomics-pipeline/modules/braken.nf
Apr-17 19:14:50.714 [main] DEBUG nextflow.Session - Session aborted -- Cause: Can't find a matching module file for include: ../modules/krakentools
Apr-17 19:14:50.736 [main] ERROR nextflow.cli.Launcher - Can't find a matching module file for include: ../modules/krakentools
java.nio.file.NoSuchFileException: Can't find a matching module file for include: ../modules/krakentools
	at nextflow.script.IncludeDef.realModulePath(IncludeDef.groovy:208)
	at nextflow.script.IncludeDef.load0(IncludeDef.groovy:109)
	at org.codehaus.groovy.vmplugin.v8.IndyInterface.fromCache(IndyInterface.java:321)
	at Script_320c878f21f793f4.runScript(Script_320c878f21f793f4:43)
	at org.codehaus.groovy.vmplugin.v8.IndyInterface.fromCache(IndyInterface.java:321)
	at nextflow.script.BaseScript.run0(BaseScript.groovy:159)
	at org.codehaus.groovy.vmplugin.v8.IndyInterface.fromCache(IndyInterface.java:321)
	at nextflow.script.BaseScript.run(BaseScript.groovy:193)
	at nextflow.script.parser.v1.ScriptLoaderV1.runScript(ScriptLoaderV1.groovy:246)
	at nextflow.script.parser.v1.ScriptLoaderV1.runScript(ScriptLoaderV1.groovy)
	at nextflow.script.ScriptRunner.run(ScriptRunner.groovy:246)
	at nextflow.script.ScriptRunner.execute(ScriptRunner.groovy:139)
	at nextflow.cli.CmdRun.run(CmdRun.groovy:379)
	at nextflow.cli.Launcher.run(Launcher.groovy:513)
	at nextflow.cli.Launcher.main(Launcher.groovy:673)
